I'm sorry, but errors were detected in your script. Please correct the
errors listed below, and try again.


File "game/script.rpy", line 71: expected statement.
    emi,jhon,albert "Kami adalah pelayan tuan Baron"
       ^

Ren'Py Version: Ren'Py 7.4.11.2266
Mon Oct 17 08:11:39 2022
